bash: /home/zhouweige/anaconda3/envs/Garfield/lib/libtinfo.so.6: no version information available (required by bash)
===== [g1] cn30svdq10 (cache=shared) :: {"n_epochs":50,"bottle_neck_neurons":50,"lambda_latent_contrastive_clusterloss":1.0,"cluster_num":30,"svd_q":10} =====
[  348.6s] training done
[  348.6s] DONE latent_cn30svdq10.npy (9215, 50)
=== cn30svdq10: MEAN ARI=0.3185  MEAN NMI=0.3910  (SpatialGlue=0.314/0.391) ===
BEATS SpatialGlue: ARI-only
===== [g1] cn30svdq3 (cache=shared) :: {"n_epochs":50,"bottle_neck_neurons":50,"lambda_latent_contrastive_clusterloss":1.0,"cluster_num":30,"svd_q":3} =====
[  288.1s] training done
[  288.1s] DONE latent_cn30svdq3.npy (9215, 50)
=== cn30svdq3: MEAN ARI=0.3079  MEAN NMI=0.3749  (SpatialGlue=0.314/0.391) ===
BEATS SpatialGlue: no
===== [g1] cn30nh4 (cache=shared) :: {"n_epochs":50,"bottle_neck_neurons":50,"lambda_latent_contrastive_clusterloss":1.0,"cluster_num":30,"num_heads":4} =====
[  180.6s] training done
[  180.6s] DONE latent_cn30nh4.npy (9215, 50)
=== cn30nh4: MEAN ARI=0.2879  MEAN NMI=0.3675  (SpatialGlue=0.314/0.391) ===
BEATS SpatialGlue: no
===== [g1] cn30ep60 (cache=shared) :: {"n_epochs":60,"bottle_neck_neurons":50,"lambda_latent_contrastive_clusterloss":1.0,"cluster_num":30} =====
[  566.6s] training done
[  566.7s] DONE latent_cn30ep60.npy (9215, 50)
=== cn30ep60: MEAN ARI=0.3010  MEAN NMI=0.3788  (SpatialGlue=0.314/0.391) ===
BEATS SpatialGlue: no
[g1] ROUND4 BATCH DONE
