bash: /home/zhouweige/anaconda3/envs/Garfield/lib/libtinfo.so.6: no version information available (required by bash)
[SCORED] Garfield  ARI=0.2398 NMI=0.3557 AMI=0.3510 HOM=0.3182 SHT=0.4388 (n=9215, k=33->12)
[SCORED] soFusion  ARI=0.1357 NMI=0.2144 AMI=0.2100 HOM=0.1710 SHT=0.4709 (n=9215, k=33->9)
[SCORED] SpaMI  ARI=0.2195 NMI=0.3393 AMI=0.3323 HOM=0.3274 SHT=0.4324 (n=9215, k=33->18)
[SCORED] SpaMosaic  ARI=0.2096 NMI=0.3640 AMI=0.3579 HOM=0.3400 SHT=0.4071 (n=9215, k=33->16)
[SCORED] FGOT  ARI=0.0024 NMI=0.0236 AMI=0.0140 HOM=0.0225 SHT=0.4768 (n=9215, k=33->17)
[SCORED] SpatialGlue  ARI=0.2842 NMI=0.3928 AMI=0.3857 HOM=0.3841 SHT=0.4789 (n=9215, k=33->20)
[SCORED] MOFA  ARI=0.2260 NMI=0.3448 AMI=0.3424 HOM=0.2702 SHT=0.4463 (n=9215, k=33->6)
[SCORED] MultiVI  ARI=0.1476 NMI=0.2972 AMI=0.2898 HOM=0.2877 SHT=0.3205 (n=9215, k=33->18)
=== predicted.celltype table ===
method,n_obs_scored,n_target,n_pred,ARI,NMI,AMI,Homogeneity,Silhouette,gt_key
Garfield,9215,33,12,0.2398,0.3557,0.351,0.3182,0.4388,predicted.celltype
soFusion,9215,33,9,0.1357,0.2144,0.21,0.171,0.4709,predicted.celltype
SpaMI,9215,33,18,0.2195,0.3393,0.3323,0.3274,0.4324,predicted.celltype
SpaMosaic,9215,33,16,0.2096,0.364,0.3579,0.34,0.4071,predicted.celltype
FGOT,9215,33,17,0.0024,0.0236,0.014,0.0225,0.4768,predicted.celltype
SpatialGlue,9215,33,20,0.2842,0.3928,0.3857,0.3841,0.4789,predicted.celltype
MOFA,9215,33,6,0.226,0.3448,0.3424,0.2702,0.4463,predicted.celltype
MultiVI,9215,33,18,0.1476,0.2972,0.2898,0.2877,0.3205,predicted.celltype
[SCORED] Garfield  ARI=0.3525 NMI=0.4127 AMI=0.4117 HOM=0.3858 SHT=0.5455 (n=9215, k=11->7)
[SCORED] soFusion  ARI=0.2965 NMI=0.3376 AMI=0.3368 HOM=0.2843 SHT=0.5086 (n=9215, k=11->5)
[SCORED] SpaMI  ARI=0.2872 NMI=0.3682 AMI=0.3669 HOM=0.3677 SHT=0.5153 (n=9215, k=11->8)
[SCORED] SpaMosaic  ARI=0.2954 NMI=0.3997 AMI=0.3982 HOM=0.4252 SHT=0.5208 (n=9215, k=11->11)
[SCORED] FGOT  ARI=0.0013 NMI=0.0161 AMI=0.0124 HOM=0.0190 SHT=0.4846 (n=9215, k=11->17)
[SCORED] SpatialGlue  ARI=0.3407 NMI=0.4124 AMI=0.4111 HOM=0.4114 SHT=0.5133 (n=9215, k=11->9)
[SCORED] MOFA  ARI=0.3851 NMI=0.3805 AMI=0.3796 HOM=0.3526 SHT=0.5311 (n=9215, k=11->6)
[SCORED] MultiVI  ARI=0.1749 NMI=0.3367 AMI=0.3341 HOM=0.4053 SHT=0.4827 (n=9215, k=11->18)
=== RNA_clusters table ===
method,n_obs_scored,n_target,n_pred,ARI,NMI,AMI,Homogeneity,Silhouette,gt_key
Garfield,9215,11,7,0.3525,0.4127,0.4117,0.3858,0.5455,RNA_clusters
soFusion,9215,11,5,0.2965,0.3376,0.3368,0.2843,0.5086,RNA_clusters
SpaMI,9215,11,8,0.2872,0.3682,0.3669,0.3677,0.5153,RNA_clusters
SpaMosaic,9215,11,11,0.2954,0.3997,0.3982,0.4252,0.5208,RNA_clusters
FGOT,9215,11,17,0.0013,0.0161,0.0124,0.019,0.4846,RNA_clusters
SpatialGlue,9215,11,9,0.3407,0.4124,0.4111,0.4114,0.5133,RNA_clusters
MOFA,9215,11,6,0.3851,0.3805,0.3796,0.3526,0.5311,RNA_clusters
MultiVI,9215,11,18,0.1749,0.3367,0.3341,0.4053,0.4827,RNA_clusters
ALL_MULTIGT_DONE
